src/components/ToastCuston.tsx(2,39): error TS2792: Cannot find module 'react-bootstrap'. Did you mean to set the 'moduleResolution' option to 'nodenext', or to add aliases to the 'paths' option?
src/services/api/admin.ts(2,38): error TS2792: Cannot find module '@services/types'. Did you mean to set the 'moduleResolution' option to 'nodenext', or to add aliases to the 'paths' option?
src/services/api/auth.ts(2,53): error TS2792: Cannot find module '@services/types'. Did you mean to set the 'moduleResolution' option to 'nodenext', or to add aliases to the 'paths' option?
src/services/api/catalogo.ts(2,70): error TS2792: Cannot find module '@services/types'. Did you mean to set the 'moduleResolution' option to 'nodenext', or to add aliases to the 'paths' option?
src/services/api/catalogo.ts(44,10): error TS2304: Cannot find name 'getProduto'.
src/services/api/clientes.tsx(5,8): error TS2792: Cannot find module '@tanstack/react-query'. Did you mean to set the 'moduleResolution' option to 'nodenext', or to add aliases to the 'paths' option?
src/services/api/clientes.tsx(7,54): error TS2792: Cannot find module '@services/types'. Did you mean to set the 'moduleResolution' option to 'nodenext', or to add aliases to the 'paths' option?
src/services/api/dashboard.ts(2,47): error TS2792: Cannot find module '@services/types'. Did you mean to set the 'moduleResolution' option to 'nodenext', or to add aliases to the 'paths' option?
src/services/api/notas.ts(2,60): error TS2792: Cannot find module '@services/types'. Did you mean to set the 'moduleResolution' option to 'nodenext', or to add aliases to the 'paths' option?
src/services/api/produtos.tsx(1,55): error TS2792: Cannot find module '@tanstack/react-query'. Did you mean to set the 'moduleResolution' option to 'nodenext', or to add aliases to the 'paths' option?
src/services/api/produtos.tsx(3,101): error TS2792: Cannot find module '@services/types'. Did you mean to set the 'moduleResolution' option to 'nodenext', or to add aliases to the 'paths' option?
src/services/api/vendas.ts(2,81): error TS2792: Cannot find module '@services/types'. Did you mean to set the 'moduleResolution' option to 'nodenext', or to add aliases to the 'paths' option?
src/services/utils.ts(2,65): error TS2792: Cannot find module 'date-fns'. Did you mean to set the 'moduleResolution' option to 'nodenext', or to add aliases to the 'paths' option?
src/services/utils.ts(3,22): error TS2792: Cannot find module 'date-fns/locale'. Did you mean to set the 'moduleResolution' option to 'nodenext', or to add aliases to the 'paths' option?
src/services/utils.ts(77,41): error TS2769: No overload matches this call.
  Overload 1 of 2, '(locales?: LocalesArgument, options?: NumberFormatOptions): NumberFormat', gave the following error.
    Argument of type '{ style: string; currency: string; }' is not assignable to parameter of type 'NumberFormatOptions'.
      Types of property 'style' are incompatible.
        Type 'string' is not assignable to type 'keyof NumberFormatOptionsStyleRegistry'.
  Overload 2 of 2, '(locales?: string | string[], options?: NumberFormatOptions): NumberFormat', gave the following error.
    Argument of type '{ style: string; currency: string; }' is not assignable to parameter of type 'NumberFormatOptions'.
      Types of property 'style' are incompatible.
        Type 'string' is not assignable to type 'keyof NumberFormatOptionsStyleRegistry'.
